// Jest Snapshot v1, https://goo.gl/fbAQLP

exports[`DashHeader renders the component 1`] = `
ShallowWrapper {
  Symbol(enzyme.__root__): [Circular],
  Symbol(enzyme.__unrendered__): <DashHeader />,
  Symbol(enzyme.__renderer__): Object {
    "batchedUpdates": [Function],
    "getNode": [Function],
    "render": [Function],
    "simulateError": [Function],
    "simulateEvent": [Function],
    "unmount": [Function],
  },
  Symbol(enzyme.__node__): Object {
    "instance": null,
    "key": undefined,
    "nodeType": "function",
    "props": Object {
      "children": Array [
        <ForwardRef>
          <ForwardRef>
            <img
              alt="Build timeline"
              src="logo.png"
            />
            <ForwardRef>
              Build timeline
            </ForwardRef>
          </ForwardRef>
          <ForwardRef>
            <ForwardRef>
              Back to Jenkins
            </ForwardRef>
          </ForwardRef>
        </ForwardRef>,
        <ForwardRef>
          <ForwardRef>
            Status: undefined
          </ForwardRef>
          <ForwardRef>
            Started on undefined
          </ForwardRef>
          <ForwardRef>
            Ran for 
          </ForwardRef>
        </ForwardRef>,
        <ForwardRef>
          <ForwardRef>
            Status: undefined
          </ForwardRef>
          <ForwardRef>
            Started on undefined
          </ForwardRef>
          <ForwardRef>
            Ran for 
          </ForwardRef>
        </ForwardRef>,
      ],
      "status": undefined,
    },
    "ref": null,
    "rendered": Array [
      Object {
        "instance": null,
        "key": undefined,
        "nodeType": "function",
        "props": Object {
          "children": Array [
            <ForwardRef>
              <img
                alt="Build timeline"
                src="logo.png"
              />
              <ForwardRef>
                Build timeline
              </ForwardRef>
            </ForwardRef>,
            <ForwardRef>
              <ForwardRef>
                Back to Jenkins
              </ForwardRef>
            </ForwardRef>,
          ],
        },
        "ref": null,
        "rendered": Array [
          Object {
            "instance": null,
            "key": undefined,
            "nodeType": "function",
            "props": Object {
              "children": Array [
                <img
                  alt="Build timeline"
                  src="logo.png"
                />,
                <ForwardRef>
                  Build timeline
                </ForwardRef>,
              ],
            },
            "ref": null,
            "rendered": Array [
              Object {
                "instance": null,
                "key": undefined,
                "nodeType": "host",
                "props": Object {
                  "alt": "Build timeline",
                  "src": "logo.png",
                },
                "ref": null,
                "rendered": null,
                "type": "img",
              },
              Object {
                "instance": null,
                "key": undefined,
                "nodeType": "function",
                "props": Object {
                  "children": "Build timeline",
                },
                "ref": null,
                "rendered": "Build timeline",
                "type": Object {
                  "$$typeof": Symbol(react.forward_ref),
                  "attrs": Array [],
                  "componentStyle": ComponentStyle {
                    "componentId": "sc-bZQynM",
                    "isStatic": true,
                    "rules": Array [
                      "
    margin-left: 10px;
    width: 100%;
",
                    ],
                  },
                  "displayName": "styled.span",
                  "render": [Function],
                  "styledComponentId": "sc-bZQynM",
                  "target": "span",
                  "toString": [Function],
                  "warnTooManyClasses": [Function],
                  "withComponent": [Function],
                },
              },
            ],
            "type": Object {
              "$$typeof": Symbol(react.forward_ref),
              "attrs": Array [],
              "componentStyle": ComponentStyle {
                "componentId": "sc-gzVnrw",
                "isStatic": true,
                "rules": Array [
                  "
    display: flex;
    align-items: center;
",
                ],
              },
              "displayName": "styled.div",
              "render": [Function],
              "styledComponentId": "sc-gzVnrw",
              "target": "div",
              "toString": [Function],
              "warnTooManyClasses": [Function],
              "withComponent": [Function],
            },
          },
          Object {
            "instance": null,
            "key": undefined,
            "nodeType": "function",
            "props": Object {
              "children": <ForwardRef>
                Back to Jenkins
              </ForwardRef>,
            },
            "ref": null,
            "rendered": Object {
              "instance": null,
              "key": undefined,
              "nodeType": "function",
              "props": Object {
                "children": "Back to Jenkins",
                "href": undefined,
              },
              "ref": null,
              "rendered": "Back to Jenkins",
              "type": Object {
                "$$typeof": Symbol(react.forward_ref),
                "attrs": Array [],
                "componentStyle": ComponentStyle {
                  "componentId": "sc-htoDjs",
                  "isStatic": true,
                  "rules": Array [
                    "
    padding: 10px;
    border: 3px solid rgba(0,0,0,0.3);
    background-color: transparent;
    cursor: pointer;
    transition: 0.5s;
    color: ",
                    "#fff",
                    ";

    &:hover {
        background-color: rgba(0,0,0,0.3);
        border-color: transparent;
    }
",
                  ],
                },
                "displayName": "styled.button",
                "render": [Function],
                "styledComponentId": "sc-htoDjs",
                "target": "button",
                "toString": [Function],
                "warnTooManyClasses": [Function],
                "withComponent": [Function],
              },
            },
            "type": Object {
              "$$typeof": Symbol(react.forward_ref),
              "attrs": Array [],
              "componentStyle": ComponentStyle {
                "componentId": "sc-bxivhb",
                "isStatic": true,
                "rules": Array [
                  "
",
                ],
              },
              "displayName": "styled.span",
              "render": [Function],
              "styledComponentId": "sc-bxivhb",
              "target": "span",
              "toString": [Function],
              "warnTooManyClasses": [Function],
              "withComponent": [Function],
            },
          },
        ],
        "type": Object {
          "$$typeof": Symbol(react.forward_ref),
          "attrs": Array [],
          "componentStyle": ComponentStyle {
            "componentId": "sc-EHOje",
            "isStatic": true,
            "rules": Array [
              "
    box-shadow: inset 9999px 0 0 0 rgba(0, 0, 0, 0.2);
    padding: 10px;
    display: flex;
    align-items: center;
    justify-content: space-between;
",
            ],
          },
          "displayName": "styled.div",
          "render": [Function],
          "styledComponentId": "sc-EHOje",
          "target": "div",
          "toString": [Function],
          "warnTooManyClasses": [Function],
          "withComponent": [Function],
        },
      },
      Object {
        "instance": null,
        "key": undefined,
        "nodeType": "function",
        "props": Object {
          "children": Array [
            <ForwardRef>
              Status: undefined
            </ForwardRef>,
            <ForwardRef>
              Started on undefined
            </ForwardRef>,
            <ForwardRef>
              Ran for 
            </ForwardRef>,
          ],
        },
        "ref": null,
        "rendered": Array [
          Object {
            "instance": null,
            "key": undefined,
            "nodeType": "function",
            "props": Object {
              "children": "Status: undefined",
            },
            "ref": null,
            "rendered": "Status: undefined",
            "type": Object {
              "$$typeof": Symbol(react.forward_ref),
              "attrs": Array [],
              "componentStyle": ComponentStyle {
                "componentId": "sc-bxivhb",
                "isStatic": true,
                "rules": Array [
                  "
",
                ],
              },
              "displayName": "styled.span",
              "render": [Function],
              "styledComponentId": "sc-bxivhb",
              "target": "span",
              "toString": [Function],
              "warnTooManyClasses": [Function],
              "withComponent": [Function],
            },
          },
          Object {
            "instance": null,
            "key": undefined,
            "nodeType": "function",
            "props": Object {
              "children": "Started on undefined",
            },
            "ref": null,
            "rendered": "Started on undefined",
            "type": Object {
              "$$typeof": Symbol(react.forward_ref),
              "attrs": Array [],
              "componentStyle": ComponentStyle {
                "componentId": "sc-bxivhb",
                "isStatic": true,
                "rules": Array [
                  "
",
                ],
              },
              "displayName": "styled.span",
              "render": [Function],
              "styledComponentId": "sc-bxivhb",
              "target": "span",
              "toString": [Function],
              "warnTooManyClasses": [Function],
              "withComponent": [Function],
            },
          },
          Object {
            "instance": null,
            "key": undefined,
            "nodeType": "function",
            "props": Object {
              "children": "Ran for ",
            },
            "ref": null,
            "rendered": "Ran for ",
            "type": Object {
              "$$typeof": Symbol(react.forward_ref),
              "attrs": Array [],
              "componentStyle": ComponentStyle {
                "componentId": "sc-bxivhb",
                "isStatic": true,
                "rules": Array [
                  "
",
                ],
              },
              "displayName": "styled.span",
              "render": [Function],
              "styledComponentId": "sc-bxivhb",
              "target": "span",
              "toString": [Function],
              "warnTooManyClasses": [Function],
              "withComponent": [Function],
            },
          },
        ],
        "type": Object {
          "$$typeof": Symbol(react.forward_ref),
          "attrs": Array [],
          "componentStyle": ComponentStyle {
            "componentId": "sc-bwzfXH",
            "isStatic": true,
            "rules": Array [
              "
    display: flex;
    justify-content: space-between;
    padding: 10px;
",
            ],
          },
          "displayName": "styled.div",
          "render": [Function],
          "styledComponentId": "sc-bwzfXH",
          "target": "div",
          "toString": [Function],
          "warnTooManyClasses": [Function],
          "withComponent": [Function],
        },
      },
      Object {
        "instance": null,
        "key": undefined,
        "nodeType": "function",
        "props": Object {
          "children": Array [
            <ForwardRef>
              Status: undefined
            </ForwardRef>,
            <ForwardRef>
              Started on undefined
            </ForwardRef>,
            <ForwardRef>
              Ran for 
            </ForwardRef>,
          ],
        },
        "ref": null,
        "rendered": Array [
          Object {
            "instance": null,
            "key": undefined,
            "nodeType": "function",
            "props": Object {
              "children": "Status: undefined",
            },
            "ref": null,
            "rendered": "Status: undefined",
            "type": Object {
              "$$typeof": Symbol(react.forward_ref),
              "attrs": Array [],
              "componentStyle": ComponentStyle {
                "componentId": "sc-bxivhb",
                "isStatic": true,
                "rules": Array [
                  "
",
                ],
              },
              "displayName": "styled.span",
              "render": [Function],
              "styledComponentId": "sc-bxivhb",
              "target": "span",
              "toString": [Function],
              "warnTooManyClasses": [Function],
              "withComponent": [Function],
            },
          },
          Object {
            "instance": null,
            "key": undefined,
            "nodeType": "function",
            "props": Object {
              "children": "Started on undefined",
            },
            "ref": null,
            "rendered": "Started on undefined",
            "type": Object {
              "$$typeof": Symbol(react.forward_ref),
              "attrs": Array [],
              "componentStyle": ComponentStyle {
                "componentId": "sc-bxivhb",
                "isStatic": true,
                "rules": Array [
                  "
",
                ],
              },
              "displayName": "styled.span",
              "render": [Function],
              "styledComponentId": "sc-bxivhb",
              "target": "span",
              "toString": [Function],
              "warnTooManyClasses": [Function],
              "withComponent": [Function],
            },
          },
          Object {
            "instance": null,
            "key": undefined,
            "nodeType": "function",
            "props": Object {
              "children": "Ran for ",
            },
            "ref": null,
            "rendered": "Ran for ",
            "type": Object {
              "$$typeof": Symbol(react.forward_ref),
              "attrs": Array [],
              "componentStyle": ComponentStyle {
                "componentId": "sc-bxivhb",
                "isStatic": true,
                "rules": Array [
                  "
",
                ],
              },
              "displayName": "styled.span",
              "render": [Function],
              "styledComponentId": "sc-bxivhb",
              "target": "span",
              "toString": [Function],
              "warnTooManyClasses": [Function],
              "withComponent": [Function],
            },
          },
        ],
        "type": Object {
          "$$typeof": Symbol(react.forward_ref),
          "attrs": Array [],
          "componentStyle": ComponentStyle {
            "componentId": "sc-bwzfXH",
            "isStatic": true,
            "rules": Array [
              "
    display: flex;
    justify-content: space-between;
    padding: 10px;
",
            ],
          },
          "displayName": "styled.div",
          "render": [Function],
          "styledComponentId": "sc-bwzfXH",
          "target": "div",
          "toString": [Function],
          "warnTooManyClasses": [Function],
          "withComponent": [Function],
        },
      },
    ],
    "type": Object {
      "$$typeof": Symbol(react.forward_ref),
      "attrs": Array [],
      "componentStyle": ComponentStyle {
        "componentId": "sc-bdVaJa",
        "isStatic": false,
        "rules": Array [
          "
    background-color: ",
          [Function],
          ";
    color: ",
          "#fff",
          ";

    font-family: 'Source Sans Pro', sans-serif;
    display: flex;
    flex-direction: column;
",
        ],
      },
      "displayName": "styled.header",
      "render": [Function],
      "styledComponentId": "sc-bdVaJa",
      "target": "header",
      "toString": [Function],
      "warnTooManyClasses": [Function],
      "withComponent": [Function],
    },
  },
  Symbol(enzyme.__nodes__): Array [
    Object {
      "instance": null,
      "key": undefined,
      "nodeType": "function",
      "props": Object {
        "children": Array [
          <ForwardRef>
            <ForwardRef>
              <img
                alt="Build timeline"
                src="logo.png"
              />
              <ForwardRef>
                Build timeline
              </ForwardRef>
            </ForwardRef>
            <ForwardRef>
              <ForwardRef>
                Back to Jenkins
              </ForwardRef>
            </ForwardRef>
          </ForwardRef>,
          <ForwardRef>
            <ForwardRef>
              Status: undefined
            </ForwardRef>
            <ForwardRef>
              Started on undefined
            </ForwardRef>
            <ForwardRef>
              Ran for 
            </ForwardRef>
          </ForwardRef>,
          <ForwardRef>
            <ForwardRef>
              Status: undefined
            </ForwardRef>
            <ForwardRef>
              Started on undefined
            </ForwardRef>
            <ForwardRef>
              Ran for 
            </ForwardRef>
          </ForwardRef>,
        ],
        "status": undefined,
      },
      "ref": null,
      "rendered": Array [
        Object {
          "instance": null,
          "key": undefined,
          "nodeType": "function",
          "props": Object {
            "children": Array [
              <ForwardRef>
                <img
                  alt="Build timeline"
                  src="logo.png"
                />
                <ForwardRef>
                  Build timeline
                </ForwardRef>
              </ForwardRef>,
              <ForwardRef>
                <ForwardRef>
                  Back to Jenkins
                </ForwardRef>
              </ForwardRef>,
            ],
          },
          "ref": null,
          "rendered": Array [
            Object {
              "instance": null,
              "key": undefined,
              "nodeType": "function",
              "props": Object {
                "children": Array [
                  <img
                    alt="Build timeline"
                    src="logo.png"
                  />,
                  <ForwardRef>
                    Build timeline
                  </ForwardRef>,
                ],
              },
              "ref": null,
              "rendered": Array [
                Object {
                  "instance": null,
                  "key": undefined,
                  "nodeType": "host",
                  "props": Object {
                    "alt": "Build timeline",
                    "src": "logo.png",
                  },
                  "ref": null,
                  "rendered": null,
                  "type": "img",
                },
                Object {
                  "instance": null,
                  "key": undefined,
                  "nodeType": "function",
                  "props": Object {
                    "children": "Build timeline",
                  },
                  "ref": null,
                  "rendered": "Build timeline",
                  "type": Object {
                    "$$typeof": Symbol(react.forward_ref),
                    "attrs": Array [],
                    "componentStyle": ComponentStyle {
                      "componentId": "sc-bZQynM",
                      "isStatic": true,
                      "rules": Array [
                        "
    margin-left: 10px;
    width: 100%;
",
                      ],
                    },
                    "displayName": "styled.span",
                    "render": [Function],
                    "styledComponentId": "sc-bZQynM",
                    "target": "span",
                    "toString": [Function],
                    "warnTooManyClasses": [Function],
                    "withComponent": [Function],
                  },
                },
              ],
              "type": Object {
                "$$typeof": Symbol(react.forward_ref),
                "attrs": Array [],
                "componentStyle": ComponentStyle {
                  "componentId": "sc-gzVnrw",
                  "isStatic": true,
                  "rules": Array [
                    "
    display: flex;
    align-items: center;
",
                  ],
                },
                "displayName": "styled.div",
                "render": [Function],
                "styledComponentId": "sc-gzVnrw",
                "target": "div",
                "toString": [Function],
                "warnTooManyClasses": [Function],
                "withComponent": [Function],
              },
            },
            Object {
              "instance": null,
              "key": undefined,
              "nodeType": "function",
              "props": Object {
                "children": <ForwardRef>
                  Back to Jenkins
                </ForwardRef>,
              },
              "ref": null,
              "rendered": Object {
                "instance": null,
                "key": undefined,
                "nodeType": "function",
                "props": Object {
                  "children": "Back to Jenkins",
                  "href": undefined,
                },
                "ref": null,
                "rendered": "Back to Jenkins",
                "type": Object {
                  "$$typeof": Symbol(react.forward_ref),
                  "attrs": Array [],
                  "componentStyle": ComponentStyle {
                    "componentId": "sc-htoDjs",
                    "isStatic": true,
                    "rules": Array [
                      "
    padding: 10px;
    border: 3px solid rgba(0,0,0,0.3);
    background-color: transparent;
    cursor: pointer;
    transition: 0.5s;
    color: ",
                      "#fff",
                      ";

    &:hover {
        background-color: rgba(0,0,0,0.3);
        border-color: transparent;
    }
",
                    ],
                  },
                  "displayName": "styled.button",
                  "render": [Function],
                  "styledComponentId": "sc-htoDjs",
                  "target": "button",
                  "toString": [Function],
                  "warnTooManyClasses": [Function],
                  "withComponent": [Function],
                },
              },
              "type": Object {
                "$$typeof": Symbol(react.forward_ref),
                "attrs": Array [],
                "componentStyle": ComponentStyle {
                  "componentId": "sc-bxivhb",
                  "isStatic": true,
                  "rules": Array [
                    "
",
                  ],
                },
                "displayName": "styled.span",
                "render": [Function],
                "styledComponentId": "sc-bxivhb",
                "target": "span",
                "toString": [Function],
                "warnTooManyClasses": [Function],
                "withComponent": [Function],
              },
            },
          ],
          "type": Object {
            "$$typeof": Symbol(react.forward_ref),
            "attrs": Array [],
            "componentStyle": ComponentStyle {
              "componentId": "sc-EHOje",
              "isStatic": true,
              "rules": Array [
                "
    box-shadow: inset 9999px 0 0 0 rgba(0, 0, 0, 0.2);
    padding: 10px;
    display: flex;
    align-items: center;
    justify-content: space-between;
",
              ],
            },
            "displayName": "styled.div",
            "render": [Function],
            "styledComponentId": "sc-EHOje",
            "target": "div",
            "toString": [Function],
            "warnTooManyClasses": [Function],
            "withComponent": [Function],
          },
        },
        Object {
          "instance": null,
          "key": undefined,
          "nodeType": "function",
          "props": Object {
            "children": Array [
              <ForwardRef>
                Status: undefined
              </ForwardRef>,
              <ForwardRef>
                Started on undefined
              </ForwardRef>,
              <ForwardRef>
                Ran for 
              </ForwardRef>,
            ],
          },
          "ref": null,
          "rendered": Array [
            Object {
              "instance": null,
              "key": undefined,
              "nodeType": "function",
              "props": Object {
                "children": "Status: undefined",
              },
              "ref": null,
              "rendered": "Status: undefined",
              "type": Object {
                "$$typeof": Symbol(react.forward_ref),
                "attrs": Array [],
                "componentStyle": ComponentStyle {
                  "componentId": "sc-bxivhb",
                  "isStatic": true,
                  "rules": Array [
                    "
",
                  ],
                },
                "displayName": "styled.span",
                "render": [Function],
                "styledComponentId": "sc-bxivhb",
                "target": "span",
                "toString": [Function],
                "warnTooManyClasses": [Function],
                "withComponent": [Function],
              },
            },
            Object {
              "instance": null,
              "key": undefined,
              "nodeType": "function",
              "props": Object {
                "children": "Started on undefined",
              },
              "ref": null,
              "rendered": "Started on undefined",
              "type": Object {
                "$$typeof": Symbol(react.forward_ref),
                "attrs": Array [],
                "componentStyle": ComponentStyle {
                  "componentId": "sc-bxivhb",
                  "isStatic": true,
                  "rules": Array [
                    "
",
                  ],
                },
                "displayName": "styled.span",
                "render": [Function],
                "styledComponentId": "sc-bxivhb",
                "target": "span",
                "toString": [Function],
                "warnTooManyClasses": [Function],
                "withComponent": [Function],
              },
            },
            Object {
              "instance": null,
              "key": undefined,
              "nodeType": "function",
              "props": Object {
                "children": "Ran for ",
              },
              "ref": null,
              "rendered": "Ran for ",
              "type": Object {
                "$$typeof": Symbol(react.forward_ref),
                "attrs": Array [],
                "componentStyle": ComponentStyle {
                  "componentId": "sc-bxivhb",
                  "isStatic": true,
                  "rules": Array [
                    "
",
                  ],
                },
                "displayName": "styled.span",
                "render": [Function],
                "styledComponentId": "sc-bxivhb",
                "target": "span",
                "toString": [Function],
                "warnTooManyClasses": [Function],
                "withComponent": [Function],
              },
            },
          ],
          "type": Object {
            "$$typeof": Symbol(react.forward_ref),
            "attrs": Array [],
            "componentStyle": ComponentStyle {
              "componentId": "sc-bwzfXH",
              "isStatic": true,
              "rules": Array [
                "
    display: flex;
    justify-content: space-between;
    padding: 10px;
",
              ],
            },
            "displayName": "styled.div",
            "render": [Function],
            "styledComponentId": "sc-bwzfXH",
            "target": "div",
            "toString": [Function],
            "warnTooManyClasses": [Function],
            "withComponent": [Function],
          },
        },
        Object {
          "instance": null,
          "key": undefined,
          "nodeType": "function",
          "props": Object {
            "children": Array [
              <ForwardRef>
                Status: undefined
              </ForwardRef>,
              <ForwardRef>
                Started on undefined
              </ForwardRef>,
              <ForwardRef>
                Ran for 
              </ForwardRef>,
            ],
          },
          "ref": null,
          "rendered": Array [
            Object {
              "instance": null,
              "key": undefined,
              "nodeType": "function",
              "props": Object {
                "children": "Status: undefined",
              },
              "ref": null,
              "rendered": "Status: undefined",
              "type": Object {
                "$$typeof": Symbol(react.forward_ref),
                "attrs": Array [],
                "componentStyle": ComponentStyle {
                  "componentId": "sc-bxivhb",
                  "isStatic": true,
                  "rules": Array [
                    "
",
                  ],
                },
                "displayName": "styled.span",
                "render": [Function],
                "styledComponentId": "sc-bxivhb",
                "target": "span",
                "toString": [Function],
                "warnTooManyClasses": [Function],
                "withComponent": [Function],
              },
            },
            Object {
              "instance": null,
              "key": undefined,
              "nodeType": "function",
              "props": Object {
                "children": "Started on undefined",
              },
              "ref": null,
              "rendered": "Started on undefined",
              "type": Object {
                "$$typeof": Symbol(react.forward_ref),
                "attrs": Array [],
                "componentStyle": ComponentStyle {
                  "componentId": "sc-bxivhb",
                  "isStatic": true,
                  "rules": Array [
                    "
",
                  ],
                },
                "displayName": "styled.span",
                "render": [Function],
                "styledComponentId": "sc-bxivhb",
                "target": "span",
                "toString": [Function],
                "warnTooManyClasses": [Function],
                "withComponent": [Function],
              },
            },
            Object {
              "instance": null,
              "key": undefined,
              "nodeType": "function",
              "props": Object {
                "children": "Ran for ",
              },
              "ref": null,
              "rendered": "Ran for ",
              "type": Object {
                "$$typeof": Symbol(react.forward_ref),
                "attrs": Array [],
                "componentStyle": ComponentStyle {
                  "componentId": "sc-bxivhb",
                  "isStatic": true,
                  "rules": Array [
                    "
",
                  ],
                },
                "displayName": "styled.span",
                "render": [Function],
                "styledComponentId": "sc-bxivhb",
                "target": "span",
                "toString": [Function],
                "warnTooManyClasses": [Function],
                "withComponent": [Function],
              },
            },
          ],
          "type": Object {
            "$$typeof": Symbol(react.forward_ref),
            "attrs": Array [],
            "componentStyle": ComponentStyle {
              "componentId": "sc-bwzfXH",
              "isStatic": true,
              "rules": Array [
                "
    display: flex;
    justify-content: space-between;
    padding: 10px;
",
              ],
            },
            "displayName": "styled.div",
            "render": [Function],
            "styledComponentId": "sc-bwzfXH",
            "target": "div",
            "toString": [Function],
            "warnTooManyClasses": [Function],
            "withComponent": [Function],
          },
        },
      ],
      "type": Object {
        "$$typeof": Symbol(react.forward_ref),
        "attrs": Array [],
        "componentStyle": ComponentStyle {
          "componentId": "sc-bdVaJa",
          "isStatic": false,
          "rules": Array [
            "
    background-color: ",
            [Function],
            ";
    color: ",
            "#fff",
            ";

    font-family: 'Source Sans Pro', sans-serif;
    display: flex;
    flex-direction: column;
",
          ],
        },
        "displayName": "styled.header",
        "render": [Function],
        "styledComponentId": "sc-bdVaJa",
        "target": "header",
        "toString": [Function],
        "warnTooManyClasses": [Function],
        "withComponent": [Function],
      },
    },
  ],
  Symbol(enzyme.__options__): Object {
    "adapter": ReactSixteenAdapter {
      "options": Object {
        "enableComponentDidUpdateOnSetState": true,
        "lifecycles": Object {
          "componentDidUpdate": Object {
            "onSetState": true,
          },
          "getDerivedStateFromProps": true,
          "getSnapshotBeforeUpdate": true,
          "setState": Object {
            "skipsComponentDidUpdateOnNullish": true,
          },
        },
      },
    },
  },
}
`;
